{"__type":"$$EventMessageAudit","id":"6c55c4d0-b317-46da-9064-80615f8a53b2","ts":"2025-11-04T03:12:05.309+00:00","eventName":"n8n.audit.workflow.created","message":"n8n.audit.workflow.created","payload":{"userId":"0569b742-f3fa-4d71-b0d0-d94f23a0001a","_email":"zata@admin.com","_firstName":"admin","_lastName":"weatherlight","globalRole":"global:owner","workflowId":"xEGsLaaXylElgc9v","workflowName":"My workflow"}}
{"__type":"$$EventMessageConfirm","confirm":"6c55c4d0-b317-46da-9064-80615f8a53b2","ts":"2025-11-04T03:12:05.309+00:00","source":{"id":"0","name":"eventBus"}}
{"__type":"$$EventMessageWorkflow","id":"9af323ed-4c05-4a2f-a479-eb4d6781df5b","ts":"2025-11-04T03:12:05.423+00:00","eventName":"n8n.workflow.started","message":"n8n.workflow.started","payload":{"executionId":"1","workflowId":"xEGsLaaXylElgc9v","isManual":false,"workflowName":"My workflow"}}
{"__type":"$$EventMessageConfirm","confirm":"9af323ed-4c05-4a2f-a479-eb4d6781df5b","ts":"2025-11-04T03:12:05.423+00:00","source":{"id":"0","name":"eventBus"}}
{"__type":"$$EventMessageNode","id":"4025408d-389d-4555-b443-4dde0bfe3631","ts":"2025-11-04T03:12:05.425+00:00","eventName":"n8n.node.started","message":"n8n.node.started","payload":{"workflowId":"xEGsLaaXylElgc9v","workflowName":"My workflow","executionId":"1","nodeType":"n8n-nodes-base.manualTrigger","nodeName":"When clicking ‘Execute workflow’","nodeId":"9ea84c6b-1dbd-4c36-9ae6-432bccaffbbe"}}
{"__type":"$$EventMessageConfirm","confirm":"4025408d-389d-4555-b443-4dde0bfe3631","ts":"2025-11-04T03:12:05.425+00:00","source":{"id":"0","name":"eventBus"}}
{"__type":"$$EventMessageNode","id":"bb3f67e6-39e0-4853-b516-b3994e5a0f3f","ts":"2025-11-04T03:12:05.429+00:00","eventName":"n8n.node.finished","message":"n8n.node.finished","payload":{"workflowId":"xEGsLaaXylElgc9v","workflowName":"My workflow","executionId":"1","nodeType":"n8n-nodes-base.manualTrigger","nodeName":"When clicking ‘Execute workflow’","nodeId":"9ea84c6b-1dbd-4c36-9ae6-432bccaffbbe"}}
{"__type":"$$EventMessageConfirm","confirm":"bb3f67e6-39e0-4853-b516-b3994e5a0f3f","ts":"2025-11-04T03:12:05.429+00:00","source":{"id":"0","name":"eventBus"}}
{"__type":"$$EventMessageNode","id":"7ef9aaff-72c6-41db-9208-852d444f0713","ts":"2025-11-04T03:12:05.430+00:00","eventName":"n8n.node.started","message":"n8n.node.started","payload":{"workflowId":"xEGsLaaXylElgc9v","workflowName":"My workflow","executionId":"1","nodeType":"n8n-nodes-base.httpRequest","nodeName":"HTTP Request","nodeId":"bdcc6e62-c977-4930-8080-c1ef4e7a0e55"}}
{"__type":"$$EventMessageConfirm","confirm":"7ef9aaff-72c6-41db-9208-852d444f0713","ts":"2025-11-04T03:12:05.430+00:00","source":{"id":"0","name":"eventBus"}}
{"__type":"$$EventMessageNode","id":"ced652f9-0a7f-4a19-8e08-188e16c2fe17","ts":"2025-11-04T03:12:05.451+00:00","eventName":"n8n.node.finished","message":"n8n.node.finished","payload":{"workflowId":"xEGsLaaXylElgc9v","workflowName":"My workflow","executionId":"1","nodeType":"n8n-nodes-base.httpRequest","nodeName":"HTTP Request","nodeId":"bdcc6e62-c977-4930-8080-c1ef4e7a0e55"}}
{"__type":"$$EventMessageConfirm","confirm":"ced652f9-0a7f-4a19-8e08-188e16c2fe17","ts":"2025-11-04T03:12:05.451+00:00","source":{"id":"0","name":"eventBus"}}
{"__type":"$$EventMessageWorkflow","id":"707873bc-9ea5-41d2-adc4-bd5fb9f44fde","ts":"2025-11-04T03:12:05.455+00:00","eventName":"n8n.workflow.success","message":"n8n.workflow.success","payload":{"userId":"0569b742-f3fa-4d71-b0d0-d94f23a0001a","executionId":"1","success":true,"isManual":true,"workflowId":"xEGsLaaXylElgc9v","workflowName":"My workflow"}}
{"__type":"$$EventMessageConfirm","confirm":"707873bc-9ea5-41d2-adc4-bd5fb9f44fde","ts":"2025-11-04T03:12:05.455+00:00","source":{"id":"0","name":"eventBus"}}
{"__type":"$$EventMessageWorkflow","id":"266900b0-447b-4d87-b3b7-08835330def4","ts":"2025-11-04T03:12:26.978+00:00","eventName":"n8n.workflow.started","message":"n8n.workflow.started","payload":{"executionId":"2","workflowId":"xEGsLaaXylElgc9v","isManual":false,"workflowName":"My workflow"}}
{"__type":"$$EventMessageConfirm","confirm":"266900b0-447b-4d87-b3b7-08835330def4","ts":"2025-11-04T03:12:26.978+00:00","source":{"id":"0","name":"eventBus"}}
{"__type":"$$EventMessageNode","id":"b6402431-f11a-4ad2-a8ff-6d38604e6658","ts":"2025-11-04T03:12:26.979+00:00","eventName":"n8n.node.started","message":"n8n.node.started","payload":{"workflowId":"xEGsLaaXylElgc9v","workflowName":"My workflow","executionId":"2","nodeType":"n8n-nodes-base.manualTrigger","nodeName":"When clicking ‘Execute workflow’","nodeId":"9ea84c6b-1dbd-4c36-9ae6-432bccaffbbe"}}
{"__type":"$$EventMessageConfirm","confirm":"b6402431-f11a-4ad2-a8ff-6d38604e6658","ts":"2025-11-04T03:12:26.979+00:00","source":{"id":"0","name":"eventBus"}}
{"__type":"$$EventMessageNode","id":"62c08441-bf01-4036-9b8e-7a415c87fb61","ts":"2025-11-04T03:12:26.980+00:00","eventName":"n8n.node.finished","message":"n8n.node.finished","payload":{"workflowId":"xEGsLaaXylElgc9v","workflowName":"My workflow","executionId":"2","nodeType":"n8n-nodes-base.manualTrigger","nodeName":"When clicking ‘Execute workflow’","nodeId":"9ea84c6b-1dbd-4c36-9ae6-432bccaffbbe"}}
{"__type":"$$EventMessageConfirm","confirm":"62c08441-bf01-4036-9b8e-7a415c87fb61","ts":"2025-11-04T03:12:26.980+00:00","source":{"id":"0","name":"eventBus"}}
{"__type":"$$EventMessageNode","id":"3e6b2af5-5ee6-498b-bc21-c23ba56ae722","ts":"2025-11-04T03:12:26.981+00:00","eventName":"n8n.node.started","message":"n8n.node.started","payload":{"workflowId":"xEGsLaaXylElgc9v","workflowName":"My workflow","executionId":"2","nodeType":"n8n-nodes-base.httpRequest","nodeName":"HTTP Request","nodeId":"bdcc6e62-c977-4930-8080-c1ef4e7a0e55"}}
{"__type":"$$EventMessageConfirm","confirm":"3e6b2af5-5ee6-498b-bc21-c23ba56ae722","ts":"2025-11-04T03:12:26.981+00:00","source":{"id":"0","name":"eventBus"}}
{"__type":"$$EventMessageNode","id":"03dd0d93-f97a-4392-a912-7a36bf7bc4b2","ts":"2025-11-04T03:12:26.989+00:00","eventName":"n8n.node.finished","message":"n8n.node.finished","payload":{"workflowId":"xEGsLaaXylElgc9v","workflowName":"My workflow","executionId":"2","nodeType":"n8n-nodes-base.httpRequest","nodeName":"HTTP Request","nodeId":"bdcc6e62-c977-4930-8080-c1ef4e7a0e55"}}
{"__type":"$$EventMessageConfirm","confirm":"03dd0d93-f97a-4392-a912-7a36bf7bc4b2","ts":"2025-11-04T03:12:26.989+00:00","source":{"id":"0","name":"eventBus"}}
{"__type":"$$EventMessageWorkflow","id":"755eb46f-5c6a-411d-ab98-24cd434eb08d","ts":"2025-11-04T03:12:26.992+00:00","eventName":"n8n.workflow.success","message":"n8n.workflow.success","payload":{"userId":"0569b742-f3fa-4d71-b0d0-d94f23a0001a","executionId":"2","success":true,"isManual":true,"workflowId":"xEGsLaaXylElgc9v","workflowName":"My workflow"}}
{"__type":"$$EventMessageConfirm","confirm":"755eb46f-5c6a-411d-ab98-24cd434eb08d","ts":"2025-11-04T03:12:26.992+00:00","source":{"id":"0","name":"eventBus"}}
{"__type":"$$EventMessageWorkflow","id":"71ecad9b-8ceb-482a-8cbc-ea7891ee407d","ts":"2025-11-04T03:12:50.030+00:00","eventName":"n8n.workflow.started","message":"n8n.workflow.started","payload":{"executionId":"3","workflowId":"xEGsLaaXylElgc9v","isManual":false,"workflowName":"My workflow"}}
{"__type":"$$EventMessageConfirm","confirm":"71ecad9b-8ceb-482a-8cbc-ea7891ee407d","ts":"2025-11-04T03:12:50.030+00:00","source":{"id":"0","name":"eventBus"}}
{"__type":"$$EventMessageNode","id":"26af4b02-af09-4c47-b4df-c037c0f20fea","ts":"2025-11-04T03:12:50.030+00:00","eventName":"n8n.node.started","message":"n8n.node.started","payload":{"workflowId":"xEGsLaaXylElgc9v","workflowName":"My workflow","executionId":"3","nodeType":"n8n-nodes-base.manualTrigger","nodeName":"When clicking ‘Execute workflow’","nodeId":"9ea84c6b-1dbd-4c36-9ae6-432bccaffbbe"}}
{"__type":"$$EventMessageConfirm","confirm":"26af4b02-af09-4c47-b4df-c037c0f20fea","ts":"2025-11-04T03:12:50.030+00:00","source":{"id":"0","name":"eventBus"}}
{"__type":"$$EventMessageNode","id":"b5c19e92-5da9-42ec-bd66-33ce6a75ec31","ts":"2025-11-04T03:12:50.031+00:00","eventName":"n8n.node.finished","message":"n8n.node.finished","payload":{"workflowId":"xEGsLaaXylElgc9v","workflowName":"My workflow","executionId":"3","nodeType":"n8n-nodes-base.manualTrigger","nodeName":"When clicking ‘Execute workflow’","nodeId":"9ea84c6b-1dbd-4c36-9ae6-432bccaffbbe"}}
{"__type":"$$EventMessageConfirm","confirm":"b5c19e92-5da9-42ec-bd66-33ce6a75ec31","ts":"2025-11-04T03:12:50.031+00:00","source":{"id":"0","name":"eventBus"}}
{"__type":"$$EventMessageNode","id":"585d81cb-b549-4cfd-af36-de3e319fe501","ts":"2025-11-04T03:12:50.032+00:00","eventName":"n8n.node.started","message":"n8n.node.started","payload":{"workflowId":"xEGsLaaXylElgc9v","workflowName":"My workflow","executionId":"3","nodeType":"n8n-nodes-base.httpRequest","nodeName":"HTTP Request","nodeId":"bdcc6e62-c977-4930-8080-c1ef4e7a0e55"}}
{"__type":"$$EventMessageConfirm","confirm":"585d81cb-b549-4cfd-af36-de3e319fe501","ts":"2025-11-04T03:12:50.032+00:00","source":{"id":"0","name":"eventBus"}}
{"__type":"$$EventMessageNode","id":"ca5673c1-4f5a-4e75-88f7-2a4977141118","ts":"2025-11-04T03:12:50.038+00:00","eventName":"n8n.node.finished","message":"n8n.node.finished","payload":{"workflowId":"xEGsLaaXylElgc9v","workflowName":"My workflow","executionId":"3","nodeType":"n8n-nodes-base.httpRequest","nodeName":"HTTP Request","nodeId":"bdcc6e62-c977-4930-8080-c1ef4e7a0e55"}}
{"__type":"$$EventMessageConfirm","confirm":"ca5673c1-4f5a-4e75-88f7-2a4977141118","ts":"2025-11-04T03:12:50.038+00:00","source":{"id":"0","name":"eventBus"}}
{"__type":"$$EventMessageWorkflow","id":"d86f1e11-c0e8-4314-9313-0089a0298913","ts":"2025-11-04T03:12:50.039+00:00","eventName":"n8n.workflow.success","message":"n8n.workflow.success","payload":{"userId":"0569b742-f3fa-4d71-b0d0-d94f23a0001a","executionId":"3","success":true,"isManual":true,"workflowId":"xEGsLaaXylElgc9v","workflowName":"My workflow"}}
{"__type":"$$EventMessageConfirm","confirm":"d86f1e11-c0e8-4314-9313-0089a0298913","ts":"2025-11-04T03:12:50.040+00:00","source":{"id":"0","name":"eventBus"}}
{"__type":"$$EventMessageWorkflow","id":"903c9ef2-8839-4a64-8647-4ea2f7f7aee3","ts":"2025-11-04T03:13:30.876+00:00","eventName":"n8n.workflow.started","message":"n8n.workflow.started","payload":{"executionId":"4","workflowId":"xEGsLaaXylElgc9v","isManual":false,"workflowName":"My workflow"}}
{"__type":"$$EventMessageConfirm","confirm":"903c9ef2-8839-4a64-8647-4ea2f7f7aee3","ts":"2025-11-04T03:13:30.876+00:00","source":{"id":"0","name":"eventBus"}}
{"__type":"$$EventMessageNode","id":"8b124cb8-3ae0-4c57-b15d-5b34a17e636e","ts":"2025-11-04T03:13:30.877+00:00","eventName":"n8n.node.started","message":"n8n.node.started","payload":{"workflowId":"xEGsLaaXylElgc9v","workflowName":"My workflow","executionId":"4","nodeType":"n8n-nodes-base.httpRequest","nodeName":"HTTP Request","nodeId":"bdcc6e62-c977-4930-8080-c1ef4e7a0e55"}}
{"__type":"$$EventMessageConfirm","confirm":"8b124cb8-3ae0-4c57-b15d-5b34a17e636e","ts":"2025-11-04T03:13:30.877+00:00","source":{"id":"0","name":"eventBus"}}
{"__type":"$$EventMessageNode","id":"08b210dc-8563-4d59-ab69-4584df307591","ts":"2025-11-04T03:13:30.883+00:00","eventName":"n8n.node.finished","message":"n8n.node.finished","payload":{"workflowId":"xEGsLaaXylElgc9v","workflowName":"My workflow","executionId":"4","nodeType":"n8n-nodes-base.httpRequest","nodeName":"HTTP Request","nodeId":"bdcc6e62-c977-4930-8080-c1ef4e7a0e55"}}
{"__type":"$$EventMessageConfirm","confirm":"08b210dc-8563-4d59-ab69-4584df307591","ts":"2025-11-04T03:13:30.883+00:00","source":{"id":"0","name":"eventBus"}}
{"__type":"$$EventMessageWorkflow","id":"4c7cab3b-38dc-4652-b9dd-698240a7d661","ts":"2025-11-04T03:13:30.885+00:00","eventName":"n8n.workflow.success","message":"n8n.workflow.success","payload":{"userId":"0569b742-f3fa-4d71-b0d0-d94f23a0001a","executionId":"4","success":true,"isManual":true,"workflowId":"xEGsLaaXylElgc9v","workflowName":"My workflow"}}
{"__type":"$$EventMessageConfirm","confirm":"4c7cab3b-38dc-4652-b9dd-698240a7d661","ts":"2025-11-04T03:13:30.885+00:00","source":{"id":"0","name":"eventBus"}}
{"__type":"$$EventMessageWorkflow","id":"4f8fd711-b5fd-420b-a179-04daed0c74c3","ts":"2025-11-04T03:14:17.674+00:00","eventName":"n8n.workflow.started","message":"n8n.workflow.started","payload":{"executionId":"5","workflowId":"xEGsLaaXylElgc9v","isManual":false,"workflowName":"My workflow"}}
{"__type":"$$EventMessageConfirm","confirm":"4f8fd711-b5fd-420b-a179-04daed0c74c3","ts":"2025-11-04T03:14:17.674+00:00","source":{"id":"0","name":"eventBus"}}
{"__type":"$$EventMessageNode","id":"81c47dfb-281d-4ff4-9f27-cbdbd780e61d","ts":"2025-11-04T03:14:17.674+00:00","eventName":"n8n.node.started","message":"n8n.node.started","payload":{"workflowId":"xEGsLaaXylElgc9v","workflowName":"My workflow","executionId":"5","nodeType":"n8n-nodes-base.httpRequest","nodeName":"HTTP Request","nodeId":"bdcc6e62-c977-4930-8080-c1ef4e7a0e55"}}
{"__type":"$$EventMessageConfirm","confirm":"81c47dfb-281d-4ff4-9f27-cbdbd780e61d","ts":"2025-11-04T03:14:17.674+00:00","source":{"id":"0","name":"eventBus"}}
{"__type":"$$EventMessageNode","id":"d3b6313e-1fbb-41b7-b877-41a781224562","ts":"2025-11-04T03:14:17.680+00:00","eventName":"n8n.node.finished","message":"n8n.node.finished","payload":{"workflowId":"xEGsLaaXylElgc9v","workflowName":"My workflow","executionId":"5","nodeType":"n8n-nodes-base.httpRequest","nodeName":"HTTP Request","nodeId":"bdcc6e62-c977-4930-8080-c1ef4e7a0e55"}}
{"__type":"$$EventMessageConfirm","confirm":"d3b6313e-1fbb-41b7-b877-41a781224562","ts":"2025-11-04T03:14:17.680+00:00","source":{"id":"0","name":"eventBus"}}
{"__type":"$$EventMessageWorkflow","id":"4692252e-1a27-442a-b3d9-493dfe153105","ts":"2025-11-04T03:14:17.681+00:00","eventName":"n8n.workflow.success","message":"n8n.workflow.success","payload":{"userId":"0569b742-f3fa-4d71-b0d0-d94f23a0001a","executionId":"5","success":true,"isManual":true,"workflowId":"xEGsLaaXylElgc9v","workflowName":"My workflow"}}
{"__type":"$$EventMessageConfirm","confirm":"4692252e-1a27-442a-b3d9-493dfe153105","ts":"2025-11-04T03:14:17.681+00:00","source":{"id":"0","name":"eventBus"}}
{"__type":"$$EventMessageWorkflow","id":"8e78dd28-ae30-4723-bfbc-3700d54ebd34","ts":"2025-11-04T03:16:07.982+00:00","eventName":"n8n.workflow.started","message":"n8n.workflow.started","payload":{"executionId":"6","workflowId":"xEGsLaaXylElgc9v","isManual":false,"workflowName":"My workflow"}}
{"__type":"$$EventMessageConfirm","confirm":"8e78dd28-ae30-4723-bfbc-3700d54ebd34","ts":"2025-11-04T03:16:07.982+00:00","source":{"id":"0","name":"eventBus"}}
{"__type":"$$EventMessageNode","id":"65e7f541-f90d-4f33-9c07-44cac1485184","ts":"2025-11-04T03:16:07.982+00:00","eventName":"n8n.node.started","message":"n8n.node.started","payload":{"workflowId":"xEGsLaaXylElgc9v","workflowName":"My workflow","executionId":"6","nodeType":"n8n-nodes-base.httpRequest","nodeName":"HTTP Request","nodeId":"bdcc6e62-c977-4930-8080-c1ef4e7a0e55"}}
{"__type":"$$EventMessageConfirm","confirm":"65e7f541-f90d-4f33-9c07-44cac1485184","ts":"2025-11-04T03:16:07.982+00:00","source":{"id":"0","name":"eventBus"}}
{"__type":"$$EventMessageNode","id":"47dbd670-3009-4cde-814d-d71f77f49a42","ts":"2025-11-04T03:16:07.993+00:00","eventName":"n8n.node.finished","message":"n8n.node.finished","payload":{"workflowId":"xEGsLaaXylElgc9v","workflowName":"My workflow","executionId":"6","nodeType":"n8n-nodes-base.httpRequest","nodeName":"HTTP Request","nodeId":"bdcc6e62-c977-4930-8080-c1ef4e7a0e55"}}
{"__type":"$$EventMessageConfirm","confirm":"47dbd670-3009-4cde-814d-d71f77f49a42","ts":"2025-11-04T03:16:07.993+00:00","source":{"id":"0","name":"eventBus"}}
{"__type":"$$EventMessageWorkflow","id":"4066a918-3dbb-45da-9536-cd16b5749fbf","ts":"2025-11-04T03:16:07.999+00:00","eventName":"n8n.workflow.success","message":"n8n.workflow.success","payload":{"userId":"0569b742-f3fa-4d71-b0d0-d94f23a0001a","executionId":"6","success":true,"isManual":true,"workflowId":"xEGsLaaXylElgc9v","workflowName":"My workflow"}}
{"__type":"$$EventMessageConfirm","confirm":"4066a918-3dbb-45da-9536-cd16b5749fbf","ts":"2025-11-04T03:16:07.999+00:00","source":{"id":"0","name":"eventBus"}}
{"__type":"$$EventMessageWorkflow","id":"f96bff71-c846-4e2e-aed6-c6f983e8e99e","ts":"2025-11-04T03:18:47.747+00:00","eventName":"n8n.workflow.started","message":"n8n.workflow.started","payload":{"executionId":"7","workflowId":"xEGsLaaXylElgc9v","isManual":false,"workflowName":"My workflow"}}
{"__type":"$$EventMessageConfirm","confirm":"f96bff71-c846-4e2e-aed6-c6f983e8e99e","ts":"2025-11-04T03:18:47.747+00:00","source":{"id":"0","name":"eventBus"}}
{"__type":"$$EventMessageNode","id":"152f20a0-1bd2-4c7e-a7cf-90791017bd1c","ts":"2025-11-04T03:18:47.747+00:00","eventName":"n8n.node.started","message":"n8n.node.started","payload":{"workflowId":"xEGsLaaXylElgc9v","workflowName":"My workflow","executionId":"7","nodeType":"n8n-nodes-base.httpRequest","nodeName":"HTTP Request","nodeId":"bdcc6e62-c977-4930-8080-c1ef4e7a0e55"}}
{"__type":"$$EventMessageConfirm","confirm":"152f20a0-1bd2-4c7e-a7cf-90791017bd1c","ts":"2025-11-04T03:18:47.747+00:00","source":{"id":"0","name":"eventBus"}}
{"__type":"$$EventMessageNode","id":"3eed8462-7ee8-47f0-87f3-41b1c0fbc175","ts":"2025-11-04T03:18:47.756+00:00","eventName":"n8n.node.finished","message":"n8n.node.finished","payload":{"workflowId":"xEGsLaaXylElgc9v","workflowName":"My workflow","executionId":"7","nodeType":"n8n-nodes-base.httpRequest","nodeName":"HTTP Request","nodeId":"bdcc6e62-c977-4930-8080-c1ef4e7a0e55"}}
{"__type":"$$EventMessageConfirm","confirm":"3eed8462-7ee8-47f0-87f3-41b1c0fbc175","ts":"2025-11-04T03:18:47.756+00:00","source":{"id":"0","name":"eventBus"}}
{"__type":"$$EventMessageWorkflow","id":"74728d68-a9c8-4340-9a98-2d5b9ca119a6","ts":"2025-11-04T03:18:47.757+00:00","eventName":"n8n.workflow.success","message":"n8n.workflow.success","payload":{"userId":"0569b742-f3fa-4d71-b0d0-d94f23a0001a","executionId":"7","success":true,"isManual":true,"workflowId":"xEGsLaaXylElgc9v","workflowName":"My workflow"}}
{"__type":"$$EventMessageConfirm","confirm":"74728d68-a9c8-4340-9a98-2d5b9ca119a6","ts":"2025-11-04T03:18:47.757+00:00","source":{"id":"0","name":"eventBus"}}
{"__type":"$$EventMessageWorkflow","id":"a39a0b88-f066-490c-bc81-8d020097af3a","ts":"2025-11-04T03:37:53.567+00:00","eventName":"n8n.workflow.started","message":"n8n.workflow.started","payload":{"executionId":"8","workflowId":"xEGsLaaXylElgc9v","isManual":false,"workflowName":"My workflow"}}
{"__type":"$$EventMessageConfirm","confirm":"a39a0b88-f066-490c-bc81-8d020097af3a","ts":"2025-11-04T03:37:53.567+00:00","source":{"id":"0","name":"eventBus"}}
{"__type":"$$EventMessageNode","id":"55ff1b3c-b13a-42df-b69b-acb01eb4fc45","ts":"2025-11-04T03:37:53.568+00:00","eventName":"n8n.node.started","message":"n8n.node.started","payload":{"workflowId":"xEGsLaaXylElgc9v","workflowName":"My workflow","executionId":"8","nodeType":"n8n-nodes-base.httpRequest","nodeName":"HTTP Request","nodeId":"bdcc6e62-c977-4930-8080-c1ef4e7a0e55"}}
{"__type":"$$EventMessageConfirm","confirm":"55ff1b3c-b13a-42df-b69b-acb01eb4fc45","ts":"2025-11-04T03:37:53.568+00:00","source":{"id":"0","name":"eventBus"}}
{"__type":"$$EventMessageNode","id":"f8956e29-512b-436b-8fc3-4701514b7609","ts":"2025-11-04T03:37:53.573+00:00","eventName":"n8n.node.finished","message":"n8n.node.finished","payload":{"workflowId":"xEGsLaaXylElgc9v","workflowName":"My workflow","executionId":"8","nodeType":"n8n-nodes-base.httpRequest","nodeName":"HTTP Request","nodeId":"bdcc6e62-c977-4930-8080-c1ef4e7a0e55"}}
{"__type":"$$EventMessageConfirm","confirm":"f8956e29-512b-436b-8fc3-4701514b7609","ts":"2025-11-04T03:37:53.573+00:00","source":{"id":"0","name":"eventBus"}}
{"__type":"$$EventMessageWorkflow","id":"84ef275d-81b2-41c3-a4c4-e6fd9e2bb18f","ts":"2025-11-04T03:37:53.575+00:00","eventName":"n8n.workflow.success","message":"n8n.workflow.success","payload":{"userId":"0569b742-f3fa-4d71-b0d0-d94f23a0001a","executionId":"8","success":true,"isManual":true,"workflowId":"xEGsLaaXylElgc9v","workflowName":"My workflow"}}
{"__type":"$$EventMessageConfirm","confirm":"84ef275d-81b2-41c3-a4c4-e6fd9e2bb18f","ts":"2025-11-04T03:37:53.575+00:00","source":{"id":"0","name":"eventBus"}}
{"__type":"$$EventMessageWorkflow","id":"ec32bdd4-d934-49d6-97c3-4561880aa64b","ts":"2025-11-04T03:38:10.867+00:00","eventName":"n8n.workflow.started","message":"n8n.workflow.started","payload":{"executionId":"9","workflowId":"xEGsLaaXylElgc9v","isManual":false,"workflowName":"My workflow"}}
{"__type":"$$EventMessageConfirm","confirm":"ec32bdd4-d934-49d6-97c3-4561880aa64b","ts":"2025-11-04T03:38:10.867+00:00","source":{"id":"0","name":"eventBus"}}
{"__type":"$$EventMessageNode","id":"6cc6fc67-bc0c-443b-b594-743ad0f61685","ts":"2025-11-04T03:38:10.868+00:00","eventName":"n8n.node.started","message":"n8n.node.started","payload":{"workflowId":"xEGsLaaXylElgc9v","workflowName":"My workflow","executionId":"9","nodeType":"n8n-nodes-base.httpRequest","nodeName":"HTTP Request","nodeId":"bdcc6e62-c977-4930-8080-c1ef4e7a0e55"}}
{"__type":"$$EventMessageConfirm","confirm":"6cc6fc67-bc0c-443b-b594-743ad0f61685","ts":"2025-11-04T03:38:10.868+00:00","source":{"id":"0","name":"eventBus"}}
{"__type":"$$EventMessageNode","id":"52e94cf0-0d2f-42aa-ba66-2984c85bec3b","ts":"2025-11-04T03:38:10.876+00:00","eventName":"n8n.node.finished","message":"n8n.node.finished","payload":{"workflowId":"xEGsLaaXylElgc9v","workflowName":"My workflow","executionId":"9","nodeType":"n8n-nodes-base.httpRequest","nodeName":"HTTP Request","nodeId":"bdcc6e62-c977-4930-8080-c1ef4e7a0e55"}}
{"__type":"$$EventMessageConfirm","confirm":"52e94cf0-0d2f-42aa-ba66-2984c85bec3b","ts":"2025-11-04T03:38:10.876+00:00","source":{"id":"0","name":"eventBus"}}
{"__type":"$$EventMessageWorkflow","id":"2d590345-de5e-4d72-83d3-0eda3c6cd22d","ts":"2025-11-04T03:38:10.878+00:00","eventName":"n8n.workflow.success","message":"n8n.workflow.success","payload":{"userId":"0569b742-f3fa-4d71-b0d0-d94f23a0001a","executionId":"9","success":true,"isManual":true,"workflowId":"xEGsLaaXylElgc9v","workflowName":"My workflow"}}
{"__type":"$$EventMessageConfirm","confirm":"2d590345-de5e-4d72-83d3-0eda3c6cd22d","ts":"2025-11-04T03:38:10.878+00:00","source":{"id":"0","name":"eventBus"}}
{"__type":"$$EventMessageWorkflow","id":"0a5c5d74-7ac7-4b4b-aae1-a38ebf8812cf","ts":"2025-11-04T03:39:27.857+00:00","eventName":"n8n.workflow.started","message":"n8n.workflow.started","payload":{"executionId":"10","workflowId":"xEGsLaaXylElgc9v","isManual":false,"workflowName":"My workflow"}}
{"__type":"$$EventMessageConfirm","confirm":"0a5c5d74-7ac7-4b4b-aae1-a38ebf8812cf","ts":"2025-11-04T03:39:27.857+00:00","source":{"id":"0","name":"eventBus"}}
{"__type":"$$EventMessageNode","id":"2d116631-03d3-4db0-92b4-9a663adff652","ts":"2025-11-04T03:39:27.857+00:00","eventName":"n8n.node.started","message":"n8n.node.started","payload":{"workflowId":"xEGsLaaXylElgc9v","workflowName":"My workflow","executionId":"10","nodeType":"n8n-nodes-base.httpRequest","nodeName":"HTTP Request","nodeId":"bdcc6e62-c977-4930-8080-c1ef4e7a0e55"}}
{"__type":"$$EventMessageConfirm","confirm":"2d116631-03d3-4db0-92b4-9a663adff652","ts":"2025-11-04T03:39:27.857+00:00","source":{"id":"0","name":"eventBus"}}
{"__type":"$$EventMessageNode","id":"2e633150-38d1-487d-920c-d8318579f7a4","ts":"2025-11-04T03:39:27.932+00:00","eventName":"n8n.node.finished","message":"n8n.node.finished","payload":{"workflowId":"xEGsLaaXylElgc9v","workflowName":"My workflow","executionId":"10","nodeType":"n8n-nodes-base.httpRequest","nodeName":"HTTP Request","nodeId":"bdcc6e62-c977-4930-8080-c1ef4e7a0e55"}}
{"__type":"$$EventMessageConfirm","confirm":"2e633150-38d1-487d-920c-d8318579f7a4","ts":"2025-11-04T03:39:27.932+00:00","source":{"id":"0","name":"eventBus"}}
{"__type":"$$EventMessageWorkflow","id":"aa80803e-7f0f-4929-abcf-d1c2e7203548","ts":"2025-11-04T03:39:27.933+00:00","eventName":"n8n.workflow.failed","message":"n8n.workflow.failed","payload":{"userId":"0569b742-f3fa-4d71-b0d0-d94f23a0001a","executionId":"10","success":false,"isManual":true,"workflowId":"xEGsLaaXylElgc9v","workflowName":"My workflow","lastNodeExecuted":"HTTP Request","errorNodeType":"n8n-nodes-base.httpRequest","errorMessage":"The resource you are requesting could not be found"}}
{"__type":"$$EventMessageConfirm","confirm":"aa80803e-7f0f-4929-abcf-d1c2e7203548","ts":"2025-11-04T03:39:27.934+00:00","source":{"id":"0","name":"eventBus"}}
{"__type":"$$EventMessageWorkflow","id":"bb3b1d00-dc45-4e94-85f4-bf7295138f06","ts":"2025-11-04T03:39:38.934+00:00","eventName":"n8n.workflow.started","message":"n8n.workflow.started","payload":{"executionId":"11","workflowId":"xEGsLaaXylElgc9v","isManual":false,"workflowName":"My workflow"}}
{"__type":"$$EventMessageConfirm","confirm":"bb3b1d00-dc45-4e94-85f4-bf7295138f06","ts":"2025-11-04T03:39:38.934+00:00","source":{"id":"0","name":"eventBus"}}
{"__type":"$$EventMessageNode","id":"030faab3-dfc8-4031-b0e8-70113c6c6e20","ts":"2025-11-04T03:39:38.934+00:00","eventName":"n8n.node.started","message":"n8n.node.started","payload":{"workflowId":"xEGsLaaXylElgc9v","workflowName":"My workflow","executionId":"11","nodeType":"n8n-nodes-base.httpRequest","nodeName":"HTTP Request","nodeId":"bdcc6e62-c977-4930-8080-c1ef4e7a0e55"}}
{"__type":"$$EventMessageConfirm","confirm":"030faab3-dfc8-4031-b0e8-70113c6c6e20","ts":"2025-11-04T03:39:38.934+00:00","source":{"id":"0","name":"eventBus"}}
{"__type":"$$EventMessageNode","id":"eeed3149-4031-4d93-ae8a-15e91535722c","ts":"2025-11-04T03:39:38.942+00:00","eventName":"n8n.node.finished","message":"n8n.node.finished","payload":{"workflowId":"xEGsLaaXylElgc9v","workflowName":"My workflow","executionId":"11","nodeType":"n8n-nodes-base.httpRequest","nodeName":"HTTP Request","nodeId":"bdcc6e62-c977-4930-8080-c1ef4e7a0e55"}}
{"__type":"$$EventMessageConfirm","confirm":"eeed3149-4031-4d93-ae8a-15e91535722c","ts":"2025-11-04T03:39:38.942+00:00","source":{"id":"0","name":"eventBus"}}
{"__type":"$$EventMessageWorkflow","id":"240177c2-9e86-45c9-928f-c82d75b9c955","ts":"2025-11-04T03:39:38.944+00:00","eventName":"n8n.workflow.success","message":"n8n.workflow.success","payload":{"userId":"0569b742-f3fa-4d71-b0d0-d94f23a0001a","executionId":"11","success":true,"isManual":true,"workflowId":"xEGsLaaXylElgc9v","workflowName":"My workflow"}}
{"__type":"$$EventMessageConfirm","confirm":"240177c2-9e86-45c9-928f-c82d75b9c955","ts":"2025-11-04T03:39:38.944+00:00","source":{"id":"0","name":"eventBus"}}
